// Jest Snapshot v1, https://goo.gl/fbAQLP

exports[`zos-jobs cancel job definition should not have changed 1`] = `
Object {
  "description": "Cancel a single job by job ID",
  "examples": Array [
    Object {
      "description": "Cancel job with job ID JOB03456",
      "options": "JOB03456",
    },
    Object {
      "description": "Cancel job with job ID JOB03456 synchronously",
      "options": "JOB03456 --modify-version \\"2.0\\"",
    },
  ],
  "name": "job",
  "options": Array [
    Object {
      "defaultValue": "2.0",
      "description": "Using this option to set X-IBM-Job-Modify-Version to \\"1.0\\" will make the delete job API aynchronous. Otherwise, it will be synchronous by default.",
      "name": "modify-version",
      "required": false,
      "type": "string",
    },
  ],
  "positionals": Array [
    Object {
      "description": "The job ID (e.g. JOB00123) of the job. Job ID is a unique identifier for z/OS batch jobs -- no two jobs on one system can have the same ID. Note: z/OS allows you to abbreviate the job ID if desired. You can use, for example \\"J123\\".",
      "name": "jobid",
      "required": true,
      "type": "string",
    },
  ],
  "profile": Object {
    "optional": Array [
      "zosmf",
    ],
  },
  "summary": "Cancel a single job by job ID",
  "type": "command",
}
`;
