// Jest Snapshot v1, https://goo.gl/fbAQLP

exports[`Auth Login APIML unit tests Error handling tests - HTTP 401 should be able to raise an error with HTTP 401 1`] = `
[Error: This operation requires authentication.

z/OSMF REST API Error:
REST API Failure with HTTP(S) status 401

Host:      undefined
Port:      undefined
Base Path: undefined
Resource:  undefined
Request:   undefined
Headers:   undefined
Payload:   undefined
]
`;
