// Jest Snapshot v1, https://goo.gl/fbAQLP

exports[`DatasetDefinition should use the correct object for strings 1`] = `
Array [
  Object {
    "aliases": Array [
      "ed",
    ],
    "description": "Editor that overrides the default editor for this file type. Set the option to the editor's executable file location or the program's name: ie \\"--editor notepad\\"",
    "name": "editor",
    "required": false,
    "type": "string",
  },
  Object {
    "aliases": Array [
      "b",
    ],
    "description": "Transfer the file content in binary mode (no EBCDIC to ASCII conversion).",
    "name": "binary",
    "type": "boolean",
  },
  Object {
    "aliases": Array [
      "ec",
    ],
    "conflictsWith": Array [
      "binary",
    ],
    "description": "Transfer the file content with encoding mode, which means that data conversion is performed using the file encoding specified.",
    "name": "encoding",
    "type": "string",
  },
]
`;

exports[`DatasetDefinition should use the correct object for strings 2`] = `
Array [
  Object {
    "description": "Edit the contents of the USS file \\"/a/ibmuser/my_text.txt\\" in notepad",
    "options": "/a/ibmuser/my_text.txt --editor notepad",
  },
  Object {
    "description": "Edit the contents of the USS file \\"/a/ibmuser/my_text.txt\\" in notepad",
    "options": "/a/ibmuser/my_text.txt --editor C:\\\\Windows\\\\System32\\\\Notepad.exe",
  },
  Object {
    "description": "Edit the contents of the USS file \\"/a/ibmuser/my_jcl.jcl\\" with binary flag set",
    "options": "/a/ibmuser/my_text.txt --binary",
  },
]
`;
