// Jest Snapshot v1, https://goo.gl/fbAQLP

exports[`Root level help tests top level help should contain support link 1`] = `
"
 DESCRIPTION
 -----------

   Welcome to Zowe CLI!

   Zowe CLI is a command line interface (CLI) that provides a simple and
   streamlined way to interact with IBM z/OS.

   For additional Zowe CLI documentation, visit https://docs.zowe.org

   For Zowe CLI support, visit https://www.zowe.org


 USAGE
 -----

   zowe <group>

   Where <group> is one of the following:

 GROUPS
 ------

   auth                          Connect to Zowe API ML authentication service
   config                        Manage JSON project and global configuration 
   daemon                        Daemon operations                            
   plugins                       Install and manage plug-ins.                 
   profiles                      Create and manage configuration profiles.    
                                 (deprecated)                                 
   provisioning | pv             Perform z/OSMF provisioning tasks            
   zos-console | console         Issue z/OS console commands and collect      
                                 responses                                    
   zos-files | files             Manage z/OS data sets                        
   zos-jobs | jobs               Manage z/OS jobs                             
   zos-logs | logs               Interact with z/OS logs                      
   zos-ssh | ssh | zos-uss | uss Issue z/OS USS commands and receive responses
   zos-tso | tso                 Interact with TSO                            
   zos-workflows | wf            Create and manage z/OSMF workflows           
   zosmf                         Interact with z/OSMF                         

 OPTIONS
 -------

   --version | -V (boolean)

      Display the current version of Zowe CLI

   --available-commands | --ac (boolean)

      Displays a list of available commands

 GLOBAL OPTIONS
 --------------

   --response-format-json | --rfj (boolean)

      Produce JSON formatted data from a command

   --help | -h (boolean)

      Display help text

   --help-web | --hw (boolean)

      Display HTML help in browser

"
`;
