// Jest Snapshot v1, https://goo.gl/fbAQLP

exports[`ConsoleValidator validateCollectCommonParms should throw an error validating empty console name 1`] = `"Error: Expect Error: Imperative API Error No console name was supplied."`;

exports[`ConsoleValidator validateCollectCommonParms should throw an error with an empty command response key 1`] = `"Error: Expect Error: Imperative API Error No command response key was supplied."`;

exports[`ConsoleValidator validateCollectCommonParms should throw an error with no session passed 1`] = `"Error: Expect Error: Imperative API Error No session was supplied."`;

exports[`ConsoleValidator validateCollectParm should fail validating without parameters 1`] = `"Error: Expect Error: Imperative API Error No console collect parameters were supplied."`;

exports[`ConsoleValidator validateCollectParms should fail validating undefined collecting parameters 1`] = `"Error: Expect Error: Imperative API Error No console collect parameters were supplied."`;

exports[`ConsoleValidator validateCollectParms should fail validating with an empty session 1`] = `"Error: Expect Error: Imperative API Error No session was supplied."`;

exports[`ConsoleValidator validateCommonParms should fail validating empty common parameters 1`] = `"Error: Expect Error: Imperative API Error No zosmf console input parameters were supplied."`;

exports[`ConsoleValidator validateCommonParms should fail validating empty console name 1`] = `"Error: Expect Error: Imperative API Error No console name was supplied."`;

exports[`ConsoleValidator validateCommonParms should fail validating empty session 1`] = `"Error: Expect Error: Imperative API Error No session was supplied."`;

exports[`ConsoleValidator validateIssueParm should fail validating without any parameters specified 1`] = `"Error: Expect Error: Imperative API Error No console issue parameters were supplied."`;

exports[`ConsoleValidator validateIssueParms should fail validating undefined parameters 1`] = `"Error: Expect Error: Imperative API Error No console issue parameters were supplied."`;

exports[`ConsoleValidator validateIssueParms should fail validating with no session 1`] = `"Error: Expect Error: Imperative API Error No session was supplied."`;

exports[`ConsoleValidator validateIssueSimpleParms should fail validating an undefined command 1`] = `"Error: Expect Error: Imperative API Error No console issue parameters were supplied."`;

exports[`ConsoleValidator validateIssueSimpleParms should fail validating with no session 1`] = `"Error: Expect Error: Imperative API Error No session was supplied."`;
