// Jest Snapshot v1, https://goo.gl/fbAQLP

exports[`zos-console group definition should not have changed 1`] = `
Object {
  "aliases": Array [
    "console",
  ],
  "description": "Interact with z/OSMF console services. Issue z/OS console commands and collect responses. z/OS console services establishes extended MCS (EMCS) consoles on behalf of the user, which are used to issue the commands and collect responses.

Important! Before you use commands in the zos-console command group, ensure that you understand the implications of issuing z/OS console commands in your environment.",
  "name": "zos-console",
  "passOn": Array [
    Object {
      "ignoreNodes": Array [
        Object {
          "type": "group",
        },
      ],
      "merge": true,
      "property": "options",
      "value": Array [
        Object {
          "aliases": Array [
            "H",
          ],
          "description": "The z/OSMF server host name.",
          "group": "Zosmf Connection Options",
          "name": "host",
          "required": false,
          "type": "string",
        },
        Object {
          "aliases": Array [
            "P",
          ],
          "defaultValue": 443,
          "description": "The z/OSMF server port.",
          "group": "Zosmf Connection Options",
          "name": "port",
          "type": "number",
        },
        Object {
          "aliases": Array [
            "u",
          ],
          "description": "Mainframe (z/OSMF) user name, which can be the same as your TSO login.",
          "group": "Zosmf Connection Options",
          "name": "user",
          "required": false,
          "type": "string",
        },
        Object {
          "aliases": Array [
            "pass",
            "pw",
          ],
          "description": "Mainframe (z/OSMF) password, which can be the same as your TSO password.",
          "group": "Zosmf Connection Options",
          "name": "password",
          "required": false,
          "type": "string",
        },
        Object {
          "aliases": Array [
            "ru",
          ],
          "defaultValue": true,
          "description": "Reject self-signed certificates.",
          "group": "Zosmf Connection Options",
          "name": "reject-unauthorized",
          "type": "boolean",
        },
        Object {
          "aliases": Array [
            "bp",
          ],
          "description": "The base path for your API mediation layer instance. Specify this option to prepend the base path to all z/OSMF resources when making REST requests. Do not specify this option if you are not using an API mediation layer.",
          "group": "Zosmf Connection Options",
          "name": "base-path",
          "type": "string",
        },
        Object {
          "allowableValues": Object {
            "caseSensitive": false,
            "values": Array [
              "http",
              "https",
            ],
          },
          "defaultValue": "https",
          "description": "The protocol used (HTTP or HTTPS)",
          "group": "Zosmf Connection Options",
          "name": "protocol",
          "type": "string",
        },
        Object {
          "description": "The file path to a certificate file to use for authentication",
          "group": "Zosmf Connection Options",
          "name": "cert-file",
          "type": "existingLocalFile",
        },
        Object {
          "description": "The file path to a certificate key file to use for authentication",
          "group": "Zosmf Connection Options",
          "name": "cert-key-file",
          "type": "existingLocalFile",
        },
      ],
    },
  ],
  "summary": "Issue z/OS console commands and collect responses",
  "type": "group",
}
`;
