// Jest Snapshot v1, https://goo.gl/fbAQLP

exports[`zos-files invoke ams-statements command definition should not have changed 1`] = `
Array [
  Object {
    "description": "Defines a cluster named 'DUMMY.VSAM.CLUSTER'",
    "options": "\\"DEFINE CLUSTER ( NAME (DUMMY.VSAM.CLUSTER) CYL(1 1))\\"",
  },
  Object {
    "description": "Deletes a cluster named 'DUMMY.VSAM.CLUSTER'",
    "options": "\\"DELETE DUMMY.VSAM.CLUSTER CLUSTER\\"",
  },
]
`;
