// Jest Snapshot v1, https://goo.gl/fbAQLP

exports[`zos-files create  command definition should not have changed 1`] = `
Array [
  Object {
    "aliases": Array [
      "a",
    ],
    "description": "Show the full allocation attributes",
    "name": "attributes",
    "type": "boolean",
  },
  Object {
    "aliases": Array [
      "bs",
      "blksize",
    ],
    "description": "The block size for the data set (for example, 6160)",
    "name": "block-size",
    "type": "number",
  },
  Object {
    "aliases": Array [
      "dc",
    ],
    "description": "The SMS data class to use for the allocation",
    "name": "data-class",
    "type": "string",
  },
  Object {
    "aliases": Array [
      "dst",
      "dsntype",
    ],
    "description": "The data set type (BASIC, EXTPREF, EXTREQ, HFS, LARGE, PDS, LIBRARY, PIPE)",
    "name": "data-set-type",
    "type": "string",
  },
  Object {
    "aliases": Array [
      "dt",
      "unit",
    ],
    "description": "The device type, also known as 'unit'",
    "name": "device-type",
    "type": "string",
  },
  Object {
    "aliases": Array [
      "db",
      "dirblks",
    ],
    "description": "The number of directory blocks (for example, 25)",
    "name": "directory-blocks",
    "type": "number",
  },
  Object {
    "aliases": Array [
      "lk",
    ],
    "description": "Name of an existing data set to base your new data set's properties on",
    "name": "like",
    "type": "string",
  },
  Object {
    "aliases": Array [
      "mc",
    ],
    "description": "The SMS management class to use for the allocation",
    "name": "management-class",
    "type": "string",
  },
  Object {
    "aliases": Array [
      "ps",
    ],
    "description": "The primary space allocation (for example, 5)",
    "name": "primary-space",
    "type": "number",
  },
  Object {
    "aliases": Array [
      "rf",
      "recfm",
    ],
    "description": "The record format for the data set (for example, FB for \\"Fixed Block\\")",
    "name": "record-format",
    "type": "string",
  },
  Object {
    "aliases": Array [
      "rl",
      "lrecl",
    ],
    "description": "The logical record length. Analogous to the length of a line (for example, 80)",
    "name": "record-length",
    "type": "number",
  },
  Object {
    "aliases": Array [
      "ss",
    ],
    "description": "The secondary space allocation (for example, 1)",
    "name": "secondary-space",
    "type": "number",
  },
  Object {
    "aliases": Array [
      "pa",
    ],
    "description": "Show the full allocation attributes",
    "hidden": true,
    "name": "show-attributes",
    "type": "boolean",
  },
  Object {
    "aliases": Array [
      "sz",
    ],
    "description": "The size of the data set (specified as nCYL or nTRK - where n is the number of cylinders or tracks). Sets the primary allocation (the secondary allocation becomes ~10% of the primary).",
    "name": "size",
    "type": "string",
  },
  Object {
    "aliases": Array [
      "sc",
    ],
    "description": "The SMS storage class to use for the allocation",
    "name": "storage-class",
    "type": "string",
  },
  Object {
    "aliases": Array [
      "vs",
      "volser",
    ],
    "description": "The volume serial (VOLSER) on which you want the data set to be placed. A VOLSER is analogous to a drive name on a PC.",
    "name": "volume-serial",
    "type": "string",
  },
]
`;

exports[`zos-files create  command definition should not have changed 2`] = `
Array [
  Object {
    "description": "Create a data set with default parameters and like flag",
    "options": "NEW.DATASET --like EXISTING.DATASET",
  },
  Object {
    "description": "Create a data set with default parameters and like flag and lrecl flag",
    "options": "NEW.DATASET --like EXISTING.DATASET --lrecl 1024",
  },
  Object {
    "description": "Create a data set with type LIBRARY",
    "options": "NEW.DATASET --data-set-type LIBRARY",
  },
]
`;
