// Jest Snapshot v1, https://goo.gl/fbAQLP

exports[`zos-jobs download output definition should not have changed 1`] = `
Object {
  "aliases": Array [
    "o",
  ],
  "description": "Download all job output to a local directory. Each spool DD will be downloaded to its own file in the directory.",
  "examples": Array [
    Object {
      "description": "Download all the output of the job with job ID JOB00234 to an automatically generated directory.",
      "options": "JOB00234",
    },
  ],
  "name": "output",
  "options": Array [
    Object {
      "aliases": Array [
        "d",
        "dir",
      ],
      "description": "The local directory you would like to download the output for the job to.",
      "name": "directory",
      "type": "string",
    },
    Object {
      "aliases": Array [
        "e",
      ],
      "description": "A file extension to save the job output with. Defaults to '.txt'.",
      "name": "extension",
      "type": "string",
    },
    Object {
      "aliases": Array [
        "ojd",
      ],
      "description": "If specified, job output will be saved directly to the specified directory rather than creating a subdirectory named after the ID of the job.",
      "name": "omit-jobid-directory",
      "type": "boolean",
    },
    Object {
      "aliases": Array [
        "b",
      ],
      "description": "If specified, job output will be downloaded in binary format instead of performing text conversion. Conflicts with record.",
      "name": "binary",
      "type": "boolean",
    },
    Object {
      "aliases": Array [
        "r",
      ],
      "conflictsWith": Array [
        "binary",
      ],
      "description": "If specified, job output will be downloaded in record format instead of performing text conversion. Conflicts with binary.",
      "name": "record",
      "type": "boolean",
    },
  ],
  "positionals": Array [
    Object {
      "description": "The z/OS JOBID of the job containing the spool files you want to view. No pre-validation of the JOBID is performed.",
      "name": "jobid",
      "required": true,
      "type": "string",
    },
  ],
  "profile": Object {
    "optional": Array [
      "zosmf",
    ],
  },
  "summary": "Download all job output to a directory",
  "type": "command",
}
`;
