// Jest Snapshot v1, https://goo.gl/fbAQLP

exports[`Imperative should allow CLI implementations to configure their own profiles and types should be able to create a basic profile and load as the default 1`] = `
Object {
  "age": 1000,
}
`;

exports[`Imperative should allow CLI implementations to configure their own profiles and types should be able to create a basic profile and load that profile 1`] = `
Object {
  "age": 1000,
}
`;
