// Jest Snapshot v1, https://goo.gl/fbAQLP

exports[`provisioning delete instance command definition should not have changed 1`] = `
Object {
  "aliases": Array [
    "i",
  ],
  "description": "Deletes selected deprovisioned instance.",
  "examples": Array [
    Object {
      "description": "Delete deprovisioned instance \\"instance1\\"",
      "options": "instance1",
    },
  ],
  "name": "instance",
  "positionals": Array [
    Object {
      "description": "Deprovisioned Instance name.",
      "name": "name",
      "required": true,
      "type": "string",
    },
  ],
  "profile": Object {
    "optional": Array [
      "zosmf",
    ],
  },
  "summary": "Deletes instance.",
  "type": "command",
}
`;
