// Jest Snapshot v1, https://goo.gl/fbAQLP

exports[`zos-files upload ftds command definition should not have changed 1`] = `
Array [
  Object {
    "aliases": Array [
      "b",
    ],
    "description": "Data content in binary mode, which means that no data conversion is performed. The data transfer process returns each record as-is, without translation. No delimiters are added between records.",
    "name": "binary",
    "type": "boolean",
  },
  Object {
    "aliases": Array [
      "ec",
    ],
    "description": "Data content in encoding mode, which means that data conversion is performed according to the encoding specified.",
    "name": "encoding",
    "type": "string",
  },
  Object {
    "aliases": Array [
      "mr",
    ],
    "defaultValue": "nowait",
    "description": "The method by which migrated data set is handled. By default, a migrated data set is recalled synchronously. You can specify the following values: wait, nowait, error",
    "name": "migrated-recall",
    "type": "string",
  },
  Object {
    "aliases": Array [
      "r",
    ],
    "conflictsWith": Array [
      "binary",
    ],
    "description": "Data content in record mode, which means that no data conversion is performed and the record length is prepended to the data. The data transfer process returns each line as-is, without translation. No delimiters are added between records. Conflicts with binary.",
    "name": "record",
    "type": "boolean",
  },
  Object {
    "aliases": Array [
      "vs",
    ],
    "description": "The volume serial (VOLSER) where the data set resides. You can use this option at any time. However, the VOLSER is required only when the data set is not cataloged on the system. A VOLSER is analogous to a drive name on a PC.",
    "name": "volume-serial",
    "type": "string",
  },
]
`;

exports[`zos-files upload ftds command definition should not have changed 2`] = `
Array [
  Object {
    "description": "Upload file contents to a sequential data set named \\"ibmuser.ps\\"",
    "options": "\\"file.txt\\" \\"ibmuser.ps\\"",
  },
  Object {
    "description": "Upload file contents to a PDS member named \\"ibmuser.pds(mem)\\"",
    "options": "\\"file.txt\\" \\"ibmuser.pds(mem)\\"",
  },
  Object {
    "description": "Upload file contents to a migrated data set and wait for it to be recalled",
    "options": "\\"file.txt\\" \\"ibmuser.ps\\" --mr wait",
  },
]
`;
