// Jest Snapshot v1, https://goo.gl/fbAQLP

exports[`zos-tso issue command definition should not have changed 1`] = `
Object {
  "aliases": Array [
    "cmd",
  ],
  "description": "Creates a TSO address space, issues a TSO command through the newly created address space, waits for the READY prompt to print the response, and terminates the TSO address space. All response data are returned to the user up to (but not including) the TSO 'READY' prompt.",
  "examples": Array [
    Object {
      "description": "Issue the TSO command \\"status\\" to display information about jobs for your user ID.",
      "options": "\\"status\\"",
    },
  ],
  "name": "command",
  "options": Array [
    Object {
      "aliases": Array [
        "ssm",
      ],
      "description": "Suppress console messages from start of address space.",
      "name": "suppress-startup-messages",
      "type": "boolean",
    },
    Object {
      "aliases": Array [
        "a",
      ],
      "description": "Your z/OS TSO/E accounting information.",
      "group": "TSO ADDRESS SPACE OPTIONS",
      "name": "account",
      "required": true,
      "type": "string",
    },
    Object {
      "aliases": Array [
        "cs",
      ],
      "defaultValue": "697",
      "description": "Character set for address space to convert messages and responses from UTF-8 to EBCDIC.",
      "group": "TSO ADDRESS SPACE OPTIONS",
      "name": "character-set",
      "type": "string",
    },
    Object {
      "aliases": Array [
        "cp",
      ],
      "defaultValue": "1047",
      "description": "Codepage value for TSO/E address space to convert messages and responses from UTF-8 to EBCDIC.",
      "group": "TSO ADDRESS SPACE OPTIONS",
      "name": "code-page",
      "type": "string",
    },
    Object {
      "aliases": Array [
        "cols",
      ],
      "defaultValue": 80,
      "description": "The number of columns on a screen.",
      "group": "TSO ADDRESS SPACE OPTIONS",
      "name": "columns",
      "type": "number",
    },
    Object {
      "aliases": Array [
        "l",
      ],
      "defaultValue": "IZUFPROC",
      "description": "The logon procedure to use when creating TSO procedures on your behalf.",
      "group": "TSO ADDRESS SPACE OPTIONS",
      "name": "logon-procedure",
      "type": "string",
    },
    Object {
      "aliases": Array [
        "rs",
      ],
      "defaultValue": 4096,
      "description": "Region size for the TSO/E address space.",
      "group": "TSO ADDRESS SPACE OPTIONS",
      "name": "region-size",
      "type": "number",
    },
    Object {
      "defaultValue": 24,
      "description": "The number of rows on a screen.",
      "group": "TSO ADDRESS SPACE OPTIONS",
      "name": "rows",
      "type": "number",
    },
  ],
  "positionals": Array [
    Object {
      "description": "The TSO command to issue.",
      "name": "commandText",
      "required": true,
      "type": "string",
    },
  ],
  "profile": Object {
    "optional": Array [
      "zosmf",
      "tso",
    ],
  },
  "summary": "Issue a TSO command",
  "type": "command",
}
`;
