// Jest Snapshot v1, https://goo.gl/fbAQLP

exports[`zos-files create uss file command definition should not have changed 1`] = `
Array [
  Object {
    "aliases": Array [
      "m",
    ],
    "description": "Specifies the file permission bits to use when creating the file. ",
    "name": "mode",
    "stringLengthRange": Array [
      9,
      9,
    ],
    "type": "string",
  },
]
`;

exports[`zos-files create uss file command definition should not have changed 2`] = `
Array [
  Object {
    "description": "Create a USS file named \\"test.ext\\" ",
    "options": "text.txt",
  },
  Object {
    "description": "Create a USS file named \\"text.txt\\" with mode \\"rwxrwxrwx\\" ",
    "options": "text.txt -m rwxrwxrwx",
  },
]
`;
